src/app/components/UserManagementPage.tsx(89,24): error TS2820: Type '"User"' is not assignable to type '"admin" | "user" | undefined'. Did you mean '"user"'?
src/app/components/UserManagementPage.tsx(89,38): error TS2820: Type '"Active"' is not assignable to type '"active" | "suspended" | undefined'. Did you mean '"active"'?
src/app/components/UserManagementPage.tsx(220,36): error TS2367: This comparison appears to be unintentional because the types '"admin" | "user"' and '"Admin"' have no overlap.
src/app/components/UserManagementPage.tsx(225,36): error TS2367: This comparison appears to be unintentional because the types '"admin" | "user"' and '"Admin"' have no overlap.
src/app/components/UserManagementPage.tsx(235,36): error TS2367: This comparison appears to be unintentional because the types '"active" | "suspended"' and '"Active"' have no overlap.
src/app/components/UserManagementPage.tsx(240,36): error TS2367: This comparison appears to be unintentional because the types '"active" | "suspended"' and '"Active"' have no overlap.
src/app/components/UserManagementPage.tsx(321,29): error TS2367: This comparison appears to be unintentional because the types '"admin" | "user"' and '"Admin"' have no overlap.
src/app/components/UserManagementPage.tsx(334,29): error TS2367: This comparison appears to be unintentional because the types '"active" | "suspended"' and '"Active"' have no overlap.
src/app/components/UserManagementPage.tsx(553,64): error TS2820: Type '"User"' is not assignable to type '"admin" | "user" | undefined'. Did you mean '"user"'?
src/app/components/UserManagementPage.tsx(562,64): error TS2820: Type '"Admin"' is not assignable to type '"admin" | "user" | undefined'. Did you mean '"admin"'?
src/app/components/UserManagementPage.tsx(607,35): error TS2820: Type '"Active"' is not assignable to type '"active" | "suspended" | undefined'. Did you mean '"active"'?
src/app/components/UserManagementPage.tsx(619,35): error TS2820: Type '"Suspended"' is not assignable to type '"active" | "suspended" | undefined'. Did you mean '"suspended"'?
